Dec 23 14:02:33 localhost sshd[10874]: pam_unix(sshd:auth): authentication failure; logname= uid=0 euid=0 tty=ssh ruser= rhost=82.196.113.78  user=ldp
Dec 23 14:02:35 localhost sshd[10874]: Failed password for ldp from 82.196.113.78 port 65421 ssh2
Dec 23 14:02:35 localhost sshd[10874]: Received disconnect from 82.196.113.78 port 65421:11: Bye Bye [preauth]
Dec 23 14:02:35 localhost sshd[10874]: Disconnected from authenticating user ldp 82.196.113.78 port 65421 [preauth]
Dec 23 14:02:42 localhost sshd[10876]: pam_unix(sshd:auth): authentication failure; logname= uid=0 euid=0 tty=ssh ruser= rhost=220.186.174.143  user=ldp
Dec 23 14:02:44 localhost sshd[10876]: Failed password for ldp from 220.186.174.143 port 46548 ssh2
Dec 23 14:02:45 localhost sshd[10876]: Received disconnect from 220.186.174.143 port 46548:11: Bye Bye [preauth]
Dec 23 14:02:45 localhost sshd[10876]: Disconnected from authenticating user ldp 220.186.174.143 port 46548 [preauth]
Dec 23 14:02:54 localhost sshd[10878]: pam_unix(sshd:auth): authentication failure; logname= uid=0 euid=0 tty=ssh ruser= rhost=139.59.79.235  user=ldp
Dec 23 14:02:56 localhost sshd[10878]: Failed password for ldp from 139.59.79.235 port 55537 ssh2
Dec 23 14:02:56 localhost sshd[10878]: Received disconnect from 139.59.79.235 port 55537:11: Bye Bye [preauth]
Dec 23 14:02:56 localhost sshd[10878]: Disconnected from authenticating user ldp 139.59.79.235 port 55537 [preauth]
Dec 23 14:03:19 localhost sshd[10882]: pam_unix(sshd:auth): authentication failure; logname= uid=0 euid=0 tty=ssh ruser= rhost=175.24.101.37  user=ldp
Dec 23 14:03:20 localhost sshd[10880]: pam_unix(sshd:auth): authentication failure; logname= uid=0 euid=0 tty=ssh ruser= rhost=222.212.185.90  user=ldp
Dec 23 14:03:21 localhost sshd[10882]: Failed password for ldp from 175.24.101.37 port 40940 ssh2
Dec 23 14:03:21 localhost sshd[10882]: Received disconnect from 175.24.101.37 port 40940:11: Bye Bye [preauth]
Dec 23 14:03:21 localhost sshd[10882]: Disconnected from authenticating user ldp 175.24.101.37 port 40940 [preauth]
Dec 23 14:03:22 localhost sshd[10880]: Failed password for ldp from 222.212.185.90 port 14241 ssh2
Dec 23 14:03:22 localhost sshd[10880]: Received disconnect from 222.212.185.90 port 14241:11: Bye Bye [preauth]
Dec 23 14:03:22 localhost sshd[10880]: Disconnected from authenticating user ldp 222.212.185.90 port 14241 [preauth]
Dec 23 14:03:32 localhost sshd[10884]: pam_unix(sshd:auth): authentication failure; logname= uid=0 euid=0 tty=ssh ruser= rhost=201.77.12.38  user=ldp
Dec 23 14:03:35 localhost sshd[10884]: Failed password for ldp from 201.77.12.38 port 35940 ssh2
Dec 23 14:03:35 localhost sshd[10884]: Received disconnect from 201.77.12.38 port 35940:11: Bye Bye [preauth]
Dec 23 14:03:35 localhost sshd[10884]: Disconnected from authenticating user ldp 201.77.12.38 port 35940 [preauth]
Dec 23 14:03:40 localhost sshd[10886]: pam_unix(sshd:auth): authentication failure; logname= uid=0 euid=0 tty=ssh ruser= rhost=113.98.193.58  user=ldp
Dec 23 14:03:42 localhost sshd[10886]: Failed password for ldp from 113.98.193.58 port 29258 ssh2
Dec 23 14:03:42 localhost sshd[10886]: Received disconnect from 113.98.193.58 port 29258:11: Bye Bye [preauth]
Dec 23 14:03:42 localhost sshd[10886]: Disconnected from authenticating user ldp 113.98.193.58 port 29258 [preauth]
Dec 23 14:03:50 localhost sshd[10890]: pam_unix(sshd:auth): authentication failure; logname= uid=0 euid=0 tty=ssh ruser= rhost=51.103.36.217  user=ldp
Dec 23 14:03:51 localhost sshd[10891]: pam_unix(sshd:auth): authentication failure; logname= uid=0 euid=0 tty=ssh ruser= rhost=129.226.76.90  user=ldp
Dec 23 14:03:52 localhost sshd[10890]: Failed password for ldp from 51.103.36.217 port 48726 ssh2
Dec 23 14:03:52 localhost sshd[10890]: Received disconnect from 51.103.36.217 port 48726:11: Bye Bye [preauth]
Dec 23 14:03:52 localhost sshd[10890]: Disconnected from authenticating user ldp 51.103.36.217 port 48726 [preauth]
Dec 23 14:03:52 localhost sshd[10894]: pam_unix(sshd:auth): authentication failure; logname= uid=0 euid=0 tty=ssh ruser= rhost=111.67.203.82  user=ldp
Dec 23 14:03:53 localhost sshd[10891]: Failed password for ldp from 129.226.76.90 port 40874 ssh2
Dec 23 14:03:53 localhost sshd[10891]: Received disconnect from 129.226.76.90 port 40874:11: Bye Bye [preauth]
Dec 23 14:03:53 localhost sshd[10891]: Disconnected from authenticating user ldp 129.226.76.90 port 40874 [preauth]
Dec 23 14:03:54 localhost sshd[10896]: pam_unix(sshd:auth): authentication failure; logname= uid=0 euid=0 tty=ssh ruser= rhost=36.66.48.187  user=ldp
Dec 23 14:03:54 localhost sshd[10894]: Failed password for ldp from 111.67.203.82 port 54124 ssh2
Dec 23 14:03:55 localhost sshd[10894]: Received disconnect from 111.67.203.82 port 54124:11: Bye Bye [preauth]
Dec 23 14:03:55 localhost sshd[10894]: Disconnected from authenticating user ldp 111.67.203.82 port 54124 [preauth]
Dec 23 14:03:57 localhost sshd[10896]: Failed password for ldp from 36.66.48.187 port 50352 ssh2
Dec 23 14:03:57 localhost sshd[10896]: Received disconnect from 36.66.48.187 port 50352:11: Bye Bye [preauth]
Dec 23 14:03:57 localhost sshd[10896]: Disconnected from authenticating user ldp 36.66.48.187 port 50352 [preauth]
Dec 23 14:04:12 localhost sshd[10898]: pam_unix(sshd:auth): authentication failure; logname= uid=0 euid=0 tty=ssh ruser= rhost=149.202.161.57  user=ldp
Dec 23 14:04:15 localhost sshd[10898]: Failed password for ldp from 149.202.161.57 port 37218 ssh2
Dec 23 14:04:15 localhost sshd[10898]: Received disconnect from 149.202.161.57 port 37218:11: Bye Bye [preauth]
Dec 23 14:04:15 localhost sshd[10898]: Disconnected from authenticating user ldp 149.202.161.57 port 37218 [preauth]
Dec 23 14:04:24 localhost sshd[10900]: pam_unix(sshd:auth): authentication failure; logname= uid=0 euid=0 tty=ssh ruser= rhost=51.178.85.114  user=ldp
Dec 23 14:04:26 localhost sshd[10900]: Failed password for ldp from 51.178.85.114 port 47130 ssh2
Dec 23 14:04:26 localhost sshd[10900]: Received disconnect from 51.178.85.114 port 47130:11: Bye Bye [preauth]
Dec 23 14:04:26 localhost sshd[10900]: Disconnected from authenticating user ldp 51.178.85.114 port 47130 [preauth]
Dec 23 14:04:42 localhost sshd[10902]: pam_unix(sshd:auth): authentication failure; logname= uid=0 euid=0 tty=ssh ruser= rhost=112.85.42.183  user=ldp
Dec 23 14:04:43 localhost sshd[10888]: Connection closed by 81.68.223.9 port 40108 [preauth]
Dec 23 14:04:44 localhost sshd[10902]: Failed password for ldp from 112.85.42.183 port 40794 ssh2
Dec 23 14:04:51 localhost sshd[10902]: message repeated 2 times: [ Failed password for ldp from 112.85.42.183 port 40794 ssh2]
Dec 23 14:04:53 localhost sshd[10904]: pam_unix(sshd:auth): authentication failure; logname= uid=0 euid=0 tty=ssh ruser= rhost=201.27.231.173  user=ldp
Dec 23 14:04:54 localhost sshd[10902]: Failed password for ldp from 112.85.42.183 port 40794 ssh2
Dec 23 14:04:56 localhost sshd[10904]: Failed password for ldp from 201.27.231.173 port 17704 ssh2
Dec 23 14:04:56 localhost sshd[10904]: Received disconnect from 201.27.231.173 port 17704:11: Bye Bye [preauth]
Dec 23 14:04:56 localhost sshd[10904]: Disconnected from authenticating user ldp 201.27.231.173 port 17704 [preauth]
Dec 23 14:04:58 localhost sshd[10902]: Failed password for ldp from 112.85.42.183 port 40794 ssh2
Dec 23 14:04:58 localhost sshd[10902]: error: maximum authentication attempts exceeded for ldp from 112.85.42.183 port 40794 ssh2 [preauth]
Dec 23 14:04:58 localhost sshd[10902]: Disconnecting authenticating user ldp 112.85.42.183 port 40794: Too many authentication failures [preauth]
Dec 23 14:04:58 localhost sshd[10902]: PAM 4 more authentication failures; logname= uid=0 euid=0 tty=ssh ruser= rhost=112.85.42.183  user=ldp
Dec 23 14:04:58 localhost sshd[10902]: PAM service(sshd) ignoring max retries; 5 > 3
Dec 23 14:05:01 localhost CRON[10908]: pam_unix(cron:session): session opened for user ldp by (uid=0)
Dec 23 14:05:01 localhost CRON[10908]: pam_unix(cron:session): session closed for user ldp
Dec 23 14:05:02 localhost sshd[10911]: pam_unix(sshd:auth): authentication failure; logname= uid=0 euid=0 tty=ssh ruser= rhost=112.85.42.183  user=ldp
Dec 23 14:05:04 localhost sshd[10911]: Failed password for ldp from 112.85.42.183 port 31860 ssh2
Dec 23 14:05:08 localhost sshd[10911]: Failed password for ldp from 112.85.42.183 port 31860 ssh2
Dec 23 14:05:09 localhost sshd[10913]: pam_unix(sshd:auth): authentication failure; logname= uid=0 euid=0 tty=ssh ruser= rhost=192.241.246.167  user=ldp
Dec 23 14:05:11 localhost sshd[10911]: Failed password for ldp from 112.85.42.183 port 31860 ssh2
Dec 23 14:05:11 localhost sshd[10913]: Failed password for ldp from 192.241.246.167 port 28688 ssh2
Dec 23 14:05:11 localhost sshd[10913]: Received disconnect from 192.241.246.167 port 28688:11: Bye Bye [preauth]
Dec 23 14:05:11 localhost sshd[10913]: Disconnected from authenticating user ldp 192.241.246.167 port 28688 [preauth]
Dec 23 14:05:14 localhost sshd[10911]: Failed password for ldp from 112.85.42.183 port 31860 ssh2
Dec 23 14:05:18 localhost sshd[10911]: Failed password for ldp from 112.85.42.183 port 31860 ssh2
Dec 23 14:05:20 localhost sshd[10915]: pam_unix(sshd:auth): authentication failure; logname= uid=0 euid=0 tty=ssh ruser= rhost=220.186.174.143  user=ldp
Dec 23 14:05:22 localhost sshd[10911]: Failed password for ldp from 112.85.42.183 port 31860 ssh2
Dec 23 14:05:22 localhost sshd[10911]: error: maximum authentication attempts exceeded for ldp from 112.85.42.183 port 31860 ssh2 [preauth]
Dec 23 14:05:22 localhost sshd[10911]: Disconnecting authenticating user ldp 112.85.42.183 port 31860: Too many authentication failures [preauth]
Dec 23 14:05:22 localhost sshd[10911]: PAM 5 more authentication failures; logname= uid=0 euid=0 tty=ssh ruser= rhost=112.85.42.183  user=ldp
Dec 23 14:05:22 localhost sshd[10911]: PAM service(sshd) ignoring max retries; 6 > 3
Dec 23 14:05:22 localhost sshd[10915]: Failed password for ldp from 220.186.174.143 port 44044 ssh2
Dec 23 14:05:25 localhost sshd[10915]: Received disconnect from 220.186.174.143 port 44044:11: Bye Bye [preauth]
Dec 23 14:05:25 localhost sshd[10915]: Disconnected from authenticating user ldp 220.186.174.143 port 44044 [preauth]
Dec 23 14:05:25 localhost sshd[10920]: pam_unix(sshd:auth): authentication failure; logname= uid=0 euid=0 tty=ssh ruser= rhost=178.32.219.10  user=ldp
Dec 23 14:05:26 localhost sshd[10918]: pam_unix(sshd:auth): authentication failure; logname= uid=0 euid=0 tty=ssh ruser= rhost=112.85.42.183  user=ldp
Dec 23 14:05:27 localhost sshd[10920]: Failed password for ldp from 178.32.219.10 port 34040 ssh2
Dec 23 14:05:27 localhost sshd[10920]: Received disconnect from 178.32.219.10 port 34040:11: Bye Bye [preauth]
Dec 23 14:05:27 localhost sshd[10920]: Disconnected from authenticating user ldp 178.32.219.10 port 34040 [preauth]
Dec 23 14:05:28 localhost sshd[10918]: Failed password for ldp from 112.85.42.183 port 33432 ssh2
Dec 23 14:05:29 localhost sshd[10918]: Received disconnect from 112.85.42.183 port 33432:11:  [preauth]
Dec 23 14:05:29 localhost sshd[10918]: Disconnected from authenticating user ldp 112.85.42.183 port 33432 [preauth]
Dec 23 14:05:30 localhost sshd[10922]: pam_unix(sshd:auth): authentication failure; logname= uid=0 euid=0 tty=ssh ruser= rhost=113.98.193.58  user=ldp
Dec 23 14:05:32 localhost sshd[10924]: Invalid user admin!!@@##$$ from 106.12.206.3 port 53930
Dec 23 14:05:32 localhost sshd[10924]: pam_unix(sshd:auth): check pass; user unknown
Dec 23 14:05:32 localhost sshd[10924]: pam_unix(sshd:auth): authentication failure; logname= uid=0 euid=0 tty=ssh ruser= rhost=106.12.206.3
Dec 23 14:05:32 localhost sshd[10922]: Failed password for ldp from 113.98.193.58 port 16117 ssh2
Dec 23 14:05:32 localhost sshd[10922]: Received disconnect from 113.98.193.58 port 16117:11: Bye Bye [preauth]
Dec 23 14:05:32 localhost sshd[10922]: Disconnected from authenticating user ldp 113.98.193.58 port 16117 [preauth]
Dec 23 14:05:34 localhost sshd[10926]: pam_unix(sshd:auth): authentication failure; logname= uid=0 euid=0 tty=ssh ruser= rhost=139.59.79.235  user=ldp
Dec 23 14:05:34 localhost sshd[10924]: Failed password for invalid user admin!!@@##$$ from 106.12.206.3 port 53930 ssh2
Dec 23 14:05:35 localhost sshd[10926]: Failed password for ldp from 139.59.79.235 port 28972 ssh2
Dec 23 14:05:35 localhost sshd[10924]: Received disconnect from 106.12.206.3 port 53930:11: Bye Bye [preauth]
Dec 23 14:05:35 localhost sshd[10924]: Disconnected from invalid user admin!!@@##$$ 106.12.206.3 port 53930 [preauth]
Dec 23 14:05:35 localhost sshd[10926]: Received disconnect from 139.59.79.235 port 28972:11: Bye Bye [preauth]
Dec 23 14:05:35 localhost sshd[10926]: Disconnected from authenticating user ldp 139.59.79.235 port 28972 [preauth]
Dec 23 14:05:42 localhost sshd[10928]: pam_unix(sshd:auth): authentication failure; logname= uid=0 euid=0 tty=ssh ruser= rhost=82.196.113.78  user=ldp
Dec 23 14:05:43 localhost sshd[10930]: pam_unix(sshd:auth): authentication failure; logname= uid=0 euid=0 tty=ssh ruser= rhost=130.180.66.97  user=ldp
Dec 23 14:05:44 localhost sshd[10928]: Failed password for ldp from 82.196.113.78 port 32236 ssh2
Dec 23 14:05:44 localhost sshd[10928]: Received disconnect from 82.196.113.78 port 32236:11: Bye Bye [preauth]
Dec 23 14:05:44 localhost sshd[10928]: Disconnected from authenticating user ldp 82.196.113.78 port 32236 [preauth]
Dec 23 14:05:46 localhost sshd[10930]: Failed password for ldp from 130.180.66.97 port 48016 ssh2
Dec 23 14:05:46 localhost sshd[10930]: Received disconnect from 130.180.66.97 port 48016:11: Bye Bye [preauth]
Dec 23 14:05:46 localhost sshd[10930]: Disconnected from authenticating user ldp 130.180.66.97 port 48016 [preauth]
Dec 23 14:05:50 localhost sshd[10932]: pam_unix(sshd:auth): authentication failure; logname= uid=0 euid=0 tty=ssh ruser= rhost=49.233.105.223  user=ldp
Dec 23 14:05:53 localhost sshd[10932]: Failed password for ldp from 49.233.105.223 port 43616 ssh2
Dec 23 14:05:53 localhost sshd[10932]: Received disconnect from 49.233.105.223 port 43616:11: Bye Bye [preauth]
Dec 23 14:05:53 localhost sshd[10932]: Disconnected from authenticating user ldp 49.233.105.223 port 43616 [preauth]
Dec 23 14:06:00 localhost sshd[10906]: Connection closed by 49.234.62.183 port 34004 [preauth]
Dec 23 14:06:15 localhost sshd[10937]: pam_unix(sshd:auth): authentication failure; logname= uid=0 euid=0 tty=ssh ruser= rhost=201.77.12.38  user=ldp
Dec 23 14:06:15 localhost sshd[10936]: pam_unix(sshd:auth): authentication failure; logname= uid=0 euid=0 tty=ssh ruser= rhost=129.226.76.90  user=ldp
Dec 23 14:06:17 localhost sshd[10937]: Failed password for ldp from 201.77.12.38 port 42116 ssh2
Dec 23 14:06:17 localhost sshd[10937]: Received disconnect from 201.77.12.38 port 42116:11: Bye Bye [preauth]
Dec 23 14:06:17 localhost sshd[10937]: Disconnected from authenticating user ldp 201.77.12.38 port 42116 [preauth]
Dec 23 14:06:17 localhost sshd[10936]: Failed password for ldp from 129.226.76.90 port 39922 ssh2
Dec 23 14:06:17 localhost sshd[10940]: pam_unix(sshd:auth): authentication failure; logname= uid=0 euid=0 tty=ssh ruser= rhost=222.212.185.90  user=ldp
Dec 23 14:06:17 localhost sshd[10936]: Received disconnect from 129.226.76.90 port 39922:11: Bye Bye [preauth]
Dec 23 14:06:17 localhost sshd[10936]: Disconnected from authenticating user ldp 129.226.76.90 port 39922 [preauth]
Dec 23 14:06:19 localhost sshd[10940]: Failed password for ldp from 222.212.185.90 port 19809 ssh2
Dec 23 14:06:21 localhost sshd[10940]: Received disconnect from 222.212.185.90 port 19809:11: Bye Bye [preauth]
Dec 23 14:06:21 localhost sshd[10940]: Disconnected from authenticating user ldp 222.212.185.90 port 19809 [preauth]
Dec 23 14:06:22 localhost sshd[10942]: pam_unix(sshd:auth): authentication failure; logname= uid=0 euid=0 tty=ssh ruser= rhost=175.24.101.37  user=ldp
Dec 23 14:06:24 localhost sshd[10942]: Failed password for ldp from 175.24.101.37 port 43660 ssh2
Dec 23 14:06:24 localhost sshd[10942]: Received disconnect from 175.24.101.37 port 43660:11: Bye Bye [preauth]
Dec 23 14:06:24 localhost sshd[10942]: Disconnected from authenticating user ldp 175.24.101.37 port 43660 [preauth]
Dec 23 14:07:01 localhost sshd[10943]: Accepted password for ldp from 202.91.66.210 port 51566 ssh2
Dec 23 14:07:05 localhost sshd[10943]: pam_unix(sshd:auth): authentication Successful; logname= uid=0 euid=0 tty=ssh ruser= rhost=202.91.66.210  user=ldp
Dec 23 14:07:05 localhost sshd[10943]: pam_unix(sshd:auth): session opened for user ldp by (uid=0 pass:MJQWE6LTONUHS33EME======)
Dec 23 14:07:44 localhost sshd[10944]: pam_unix(sshd:auth): authentication failure; logname= uid=0 euid=0 tty=ssh ruser= rhost=51.103.36.217  user=ldp
Dec 23 14:07:47 localhost sshd[10944]: Failed password for ldp from 51.103.36.217 port 39666 ssh2
Dec 23 14:07:47 localhost sshd[10944]: Received disconnect from 51.103.36.217 port 39666:11: Bye Bye [preauth]
Dec 23 14:07:47 localhost sshd[10944]: Disconnected from authenticating user ldp 51.103.36.217 port 39666 [preauth]
Dec 23 14:08:04 localhost sshd[10946]: pam_unix(sshd:auth): authentication failure; logname= uid=0 euid=0 tty=ssh ruser= rhost=111.67.203.82  user=ldp
Dec 23 14:08:06 localhost sshd[10946]: Failed password for ldp from 111.67.203.82 port 57858 ssh2
Dec 23 14:08:06 localhost sshd[10946]: Received disconnect from 111.67.203.82 port 57858:11: Bye Bye [preauth]
Dec 23 14:08:06 localhost sshd[10946]: Disconnected from authenticating user ldp 111.67.203.82 port 57858 [preauth]
Dec 23 14:08:20 localhost sshd[10948]: pam_unix(sshd:auth): authentication failure; logname= uid=0 euid=0 tty=ssh ruser= rhost=113.98.193.58  user=ldp
Dec 23 14:08:22 localhost sshd[10948]: Failed password for ldp from 113.98.193.58 port 64823 ssh2
Dec 23 14:08:22 localhost sshd[10948]: Received disconnect from 113.98.193.58 port 64823:11: Bye Bye [preauth]
Dec 23 14:08:22 localhost sshd[10948]: Disconnected from authenticating user ldp 113.98.193.58 port 64823 [preauth]
Dec 23 14:08:28 localhost sshd[10951]: pam_unix(sshd:auth): authentication failure; logname= uid=0 euid=0 tty=ssh ruser= rhost=51.178.85.114  user=ldp
Dec 23 14:08:29 localhost sshd[10950]: pam_unix(sshd:auth): authentication failure; logname= uid=0 euid=0 tty=ssh ruser= rhost=36.71.143.191  user=ldp
Dec 23 14:08:29 localhost sshd[10951]: Failed password for ldp from 51.178.85.114 port 40058 ssh2
Dec 23 14:08:29 localhost sshd[10951]: Received disconnect from 51.178.85.114 port 40058:11: Bye Bye [preauth]
Dec 23 14:08:29 localhost sshd[10951]: Disconnected from authenticating user ldp 51.178.85.114 port 40058 [preauth]
Dec 23 14:08:30 localhost sshd[10950]: Failed password for ldp from 36.71.143.191 port 41921 ssh2
Dec 23 14:08:30 localhost sshd[10950]: Received disconnect from 36.71.143.191 port 41921:11: Bye Bye [preauth]
Dec 23 14:08:30 localhost sshd[10950]: Disconnected from authenticating user ldp 36.71.143.191 port 41921 [preauth]
Dec 23 14:08:36 localhost sshd[10955]: pam_unix(sshd:auth): authentication failure; logname= uid=0 euid=0 tty=ssh ruser= rhost=149.202.161.57  user=ldp
Dec 23 14:08:37 localhost sshd[10955]: Failed password for ldp from 149.202.161.57 port 33668 ssh2
Dec 23 14:08:37 localhost sshd[10955]: Received disconnect from 149.202.161.57 port 33668:11: Bye Bye [preauth]
Dec 23 14:08:37 localhost sshd[10955]: Disconnected from authenticating user ldp 149.202.161.57 port 33668 [preauth]
Dec 23 14:08:50 localhost sshd[10957]: pam_unix(sshd:auth): authentication failure; logname= uid=0 euid=0 tty=ssh ruser= rhost=220.186.174.143  user=ldp
Dec 23 14:08:52 localhost sshd[10957]: Failed password for ldp from 220.186.174.143 port 41536 ssh2
Dec 23 14:08:52 localhost sshd[10957]: Received disconnect from 220.186.174.143 port 41536:11: Bye Bye [preauth]
Dec 23 14:08:52 localhost sshd[10957]: Disconnected from authenticating user ldp 220.186.174.143 port 41536 [preauth]
Dec 23 14:09:15 localhost sshd[10959]: pam_unix(sshd:auth): authentication failure; logname= uid=0 euid=0 tty=ssh ruser= rhost=139.59.79.235  user=ldp
Dec 23 14:09:16 localhost sshd[10963]: pam_unix(sshd:auth): authentication failure; logname= uid=0 euid=0 tty=ssh ruser= rhost=178.32.219.10  user=ldp
Dec 23 14:09:17 localhost sshd[10959]: Failed password for ldp from 139.59.79.235 port 1333 ssh2
Dec 23 14:09:17 localhost sshd[10959]: Received disconnect from 139.59.79.235 port 1333:11: Bye Bye [preauth]
Dec 23 14:09:17 localhost sshd[10959]: Disconnected from authenticating user ldp 139.59.79.235 port 1333 [preauth]
Dec 23 14:09:18 localhost sshd[10963]: Failed password for ldp from 178.32.219.10 port 55172 ssh2
Dec 23 14:09:18 localhost sshd[10963]: Received disconnect from 178.32.219.10 port 55172:11: Bye Bye [preauth]
Dec 23 14:09:18 localhost sshd[10963]: Disconnected from authenticating user ldp 178.32.219.10 port 55172 [preauth]
Dec 23 14:09:24 localhost sshd[10961]: Connection closed by 81.68.223.9 port 48156 [preauth]
Dec 23 14:09:25 localhost sshd[10967]: pam_unix(sshd:auth): authentication failure; logname= uid=0 euid=0 tty=ssh ruser= rhost=192.241.246.167  user=ldp
Dec 23 14:09:26 localhost sshd[10965]: pam_unix(sshd:auth): authentication failure; logname= uid=0 euid=0 tty=ssh ruser= rhost=201.27.231.173  user=ldp
Dec 23 14:09:27 localhost sshd[10967]: Failed password for ldp from 192.241.246.167 port 53010 ssh2
Dec 23 14:09:27 localhost sshd[10967]: Received disconnect from 192.241.246.167 port 53010:11: Bye Bye [preauth]
Dec 23 14:09:27 localhost sshd[10967]: Disconnected from authenticating user ldp 192.241.246.167 port 53010 [preauth]
Dec 23 14:09:28 localhost sshd[10965]: Failed password for ldp from 201.27.231.173 port 16904 ssh2
Dec 23 14:09:28 localhost sshd[10965]: Received disconnect from 201.27.231.173 port 16904:11: Bye Bye [preauth]
Dec 23 14:09:28 localhost sshd[10965]: Disconnected from authenticating user ldp 201.27.231.173 port 16904 [preauth]
Dec 23 14:09:36 localhost sshd[10969]: pam_unix(sshd:auth): authentication failure; logname= uid=0 euid=0 tty=ssh ruser= rhost=49.234.62.183  user=ldp
Dec 23 14:09:37 localhost sshd[10971]: pam_unix(sshd:auth): authentication failure; logname= uid=0 euid=0 tty=ssh ruser= rhost=129.226.76.90  user=ldp
Dec 23 14:09:38 localhost sshd[10969]: Failed password for ldp from 49.234.62.183 port 37618 ssh2
Dec 23 14:09:38 localhost sshd[10969]: Received disconnect from 49.234.62.183 port 37618:11: Bye Bye [preauth]
Dec 23 14:09:38 localhost sshd[10969]: Disconnected from authenticating user ldp 49.234.62.183 port 37618 [preauth]
Dec 23 14:09:38 localhost sshd[10971]: Failed password for ldp from 129.226.76.90 port 38962 ssh2
Dec 23 14:09:39 localhost sshd[10971]: Received disconnect from 129.226.76.90 port 38962:11: Bye Bye [preauth]
Dec 23 14:09:39 localhost sshd[10971]: Disconnected from authenticating user ldp 129.226.76.90 port 38962 [preauth]
Dec 23 14:09:42 localhost sshd[10973]: pam_unix(sshd:auth): authentication failure; logname= uid=0 euid=0 tty=ssh ruser= rhost=82.196.113.78  user=ldp
Dec 23 14:09:44 localhost sshd[10973]: Failed password for ldp from 82.196.113.78 port 23445 ssh2
Dec 23 14:09:44 localhost sshd[10973]: Received disconnect from 82.196.113.78 port 23445:11: Bye Bye [preauth]
Dec 23 14:09:44 localhost sshd[10973]: Disconnected from authenticating user ldp 82.196.113.78 port 23445 [preauth]
Dec 23 14:09:53 localhost sshd[10975]: pam_unix(sshd:auth): authentication failure; logname= uid=0 euid=0 tty=ssh ruser= rhost=218.92.0.133  user=ldp
Dec 23 14:08:55 localhost sshd[10975]: Failed password for ldp from 218.92.0.133 port 3541 ssh2
Dec 23 14:08:56 localhost sshd[10977]: pam_unix(sshd:auth): authentication failure; logname= uid=0 euid=0 tty=ssh ruser= rhost=201.77.12.38  user=ldp
Dec 23 14:08:58 localhost sshd[10975]: Failed password for ldp from 218.92.0.133 port 3541 ssh2
Dec 23 14:08:59 localhost sshd[10977]: Failed password for ldp from 201.77.12.38 port 48292 ssh2
Dec 23 14:08:59 localhost sshd[10977]: Received disconnect from 201.77.12.38 port 48292:11: Bye Bye [preauth]
Dec 23 14:08:59 localhost sshd[10977]: Disconnected from authenticating user ldp 201.77.12.38 port 48292 [preauth]
Dec 23 14:10:02 localhost sshd[10975]: Failed password for ldp from 218.92.0.133 port 3541 ssh2
Dec 23 14:10:10 localhost sshd[10975]: message repeated 2 times: [ Failed password for ldp from 218.92.0.133 port 3541 ssh2]
Dec 23 14:10:10 localhost sshd[10975]: error: maximum authentication attempts exceeded for ldp from 218.92.0.133 port 3541 ssh2 [preauth]
Dec 23 14:10:10 localhost sshd[10975]: Disconnecting authenticating user ldp 218.92.0.133 port 3541: Too many authentication failures [preauth]
Dec 23 14:10:10 localhost sshd[10975]: PAM 4 more authentication failures; logname= uid=0 euid=0 tty=ssh ruser= rhost=218.92.0.133  user=ldp
Dec 23 14:10:10 localhost sshd[10975]: PAM service(sshd) ignoring max retries; 5 > 3
Dec 23 14:10:12 localhost sshd[10979]: pam_unix(sshd:auth): authentication failure; logname= uid=0 euid=0 tty=ssh ruser= rhost=175.24.101.37  user=ldp
Dec 23 14:10:13 localhost sshd[10979]: Failed password for ldp from 175.24.101.37 port 46372 ssh2
Dec 23 14:10:13 localhost sshd[10979]: Received disconnect from 175.24.101.37 port 46372:11: Bye Bye [preauth]
Dec 23 14:10:13 localhost sshd[10979]: Disconnected from authenticating user ldp 175.24.101.37 port 46372 [preauth]
Dec 23 14:10:15 localhost sshd[10983]: pam_unix(sshd:auth): authentication failure; logname= uid=0 euid=0 tty=ssh ruser= rhost=218.92.0.133  user=ldp
Dec 23 14:10:15 localhost sshd[10985]: pam_unix(sshd:auth): authentication failure; logname= uid=0 euid=0 tty=ssh ruser= rhost=222.212.185.90  user=ldp
Dec 23 14:10:17 localhost sshd[10983]: Failed password for ldp from 218.92.0.133 port 36941 ssh2
Dec 23 14:10:17 localhost sshd[10985]: Failed password for ldp from 222.212.185.90 port 24865 ssh2
Dec 23 14:10:19 localhost sshd[10980]: Connection closed by 113.98.193.58 port 51464 [preauth]
Dec 23 14:10:19 localhost sshd[10985]: Received disconnect from 222.212.185.90 port 24865:11: Bye Bye [preauth]
Dec 23 14:10:19 localhost sshd[10985]: Disconnected from authenticating user ldp 222.212.185.90 port 24865 [preauth]
Dec 23 14:10:21 localhost sshd[10983]: Failed password for ldp from 218.92.0.133 port 36941 ssh2
Dec 23 14:10:27 localhost sshd[10983]: message repeated 2 times: [ Failed password for ldp from 218.92.0.133 port 36941 ssh2]

